Warning: The cache directory for DeepSpeed Triton autotune, /home/anhdh35/.triton/autotune, appears to be on an NFS system. While this is generally acceptable, if you experience slowdowns or hanging when DeepSpeed exits, it is recommended to set the TRITON_CACHE_DIR environment variable to a non-NFS path.
Warning: The cache directory for DeepSpeed Triton autotune, /home/anhdh35/.triton/autotune, appears to be on an NFS system. While this is generally acceptable, if you experience slowdowns or hanging when DeepSpeed exits, it is recommended to set the TRITON_CACHE_DIR environment variable to a non-NFS path.
/mnt/data/vmo-ai-task/anhdh35/FastWAM/.venv/lib/python3.10/site-packages/torchvision/io/_video_deprecation_warning.py:5: UserWarning: The video decoding and encoding capabilities of torchvision are deprecated from version 0.22 and will be removed in version 0.24. We recommend that you migrate to TorchCodec, where we'll consolidate the future decoding/encoding capabilities of PyTorch: https://github.com/pytorch/torchcodec
  warnings.warn(
/mnt/data/vmo-ai-task/anhdh35/FastWAM/.venv/lib/python3.10/site-packages/torchvision/io/_video_deprecation_warning.py:5: UserWarning: The video decoding and encoding capabilities of torchvision are deprecated from version 0.22 and will be removed in version 0.24. We recommend that you migrate to TorchCodec, where we'll consolidate the future decoding/encoding capabilities of PyTorch: https://github.com/pytorch/torchcodec
  warnings.warn(
/mnt/data/vmo-ai-task/anhdh35/FastWAM/.venv/lib/python3.10/site-packages/torchvision/io/_video_deprecation_warning.py:5: UserWarning: The video decoding and encoding capabilities of torchvision are deprecated from version 0.22 and will be removed in version 0.24. We recommend that you migrate to TorchCodec, where we'll consolidate the future decoding/encoding capabilities of PyTorch: https://github.com/pytorch/torchcodec
  warnings.warn(
/mnt/data/vmo-ai-task/anhdh35/FastWAM/.venv/lib/python3.10/site-packages/torchvision/io/_video_deprecation_warning.py:5: UserWarning: The video decoding and encoding capabilities of torchvision are deprecated from version 0.22 and will be removed in version 0.24. We recommend that you migrate to TorchCodec, where we'll consolidate the future decoding/encoding capabilities of PyTorch: https://github.com/pytorch/torchcodec
  warnings.warn(
/mnt/data/vmo-ai-task/anhdh35/FastWAM/.venv/lib/python3.10/site-packages/torchvision/io/_video_deprecation_warning.py:5: UserWarning: The video decoding and encoding capabilities of torchvision are deprecated from version 0.22 and will be removed in version 0.24. We recommend that you migrate to TorchCodec, where we'll consolidate the future decoding/encoding capabilities of PyTorch: https://github.com/pytorch/torchcodec
  warnings.warn(
/mnt/data/vmo-ai-task/anhdh35/FastWAM/.venv/lib/python3.10/site-packages/torchvision/io/_video_deprecation_warning.py:5: UserWarning: The video decoding and encoding capabilities of torchvision are deprecated from version 0.22 and will be removed in version 0.24. We recommend that you migrate to TorchCodec, where we'll consolidate the future decoding/encoding capabilities of PyTorch: https://github.com/pytorch/torchcodec
  warnings.warn(
/mnt/data/vmo-ai-task/anhdh35/FastWAM/.venv/lib/python3.10/site-packages/torchvision/io/_video_deprecation_warning.py:5: UserWarning: The video decoding and encoding capabilities of torchvision are deprecated from version 0.22 and will be removed in version 0.24. We recommend that you migrate to TorchCodec, where we'll consolidate the future decoding/encoding capabilities of PyTorch: https://github.com/pytorch/torchcodec
  warnings.warn(
/mnt/data/vmo-ai-task/anhdh35/FastWAM/.venv/lib/python3.10/site-packages/torchvision/io/_video_deprecation_warning.py:5: UserWarning: The video decoding and encoding capabilities of torchvision are deprecated from version 0.22 and will be removed in version 0.24. We recommend that you migrate to TorchCodec, where we'll consolidate the future decoding/encoding capabilities of PyTorch: https://github.com/pytorch/torchcodec
  warnings.warn(
Before initializing optimizer states
MA 3.51 GB         Max_MA 4.6 GB         CA 5.83 GB         Max_CA 6 GB 
CPU Virtual Memory:  used = 199.27 GB, percent = 9.9%
After initializing optimizer states
MA 3.51 GB         Max_MA 4.6 GB         CA 6.92 GB         Max_CA 7 GB 
CPU Virtual Memory:  used = 200.09 GB, percent = 9.9%
After initializing ZeRO optimizer
MA 3.51 GB         Max_MA 3.51 GB         CA 6.92 GB         Max_CA 7 GB 
CPU Virtual Memory:  used = 200.81 GB, percent = 10.0%
/mnt/data/vmo-ai-task/anhdh35/FastWAM/.venv/lib/python3.10/site-packages/torchvision/io/_video_deprecation_warning.py:5: UserWarning: The video decoding and encoding capabilities of torchvision are deprecated from version 0.22 and will be removed in version 0.24. We recommend that you migrate to TorchCodec, where we'll consolidate the future decoding/encoding capabilities of PyTorch: https://github.com/pytorch/torchcodec
  warnings.warn(
/mnt/data/vmo-ai-task/anhdh35/FastWAM/.venv/lib/python3.10/site-packages/torchvision/io/_video_deprecation_warning.py:5: UserWarning: The video decoding and encoding capabilities of torchvision are deprecated from version 0.22 and will be removed in version 0.24. We recommend that you migrate to TorchCodec, where we'll consolidate the future decoding/encoding capabilities of PyTorch: https://github.com/pytorch/torchcodec
  warnings.warn(
/mnt/data/vmo-ai-task/anhdh35/FastWAM/.venv/lib/python3.10/site-packages/torchvision/io/_video_deprecation_warning.py:5: UserWarning: The video decoding and encoding capabilities of torchvision are deprecated from version 0.22 and will be removed in version 0.24. We recommend that you migrate to TorchCodec, where we'll consolidate the future decoding/encoding capabilities of PyTorch: https://github.com/pytorch/torchcodec
  warnings.warn(
/mnt/data/vmo-ai-task/anhdh35/FastWAM/.venv/lib/python3.10/site-packages/torchvision/io/_video_deprecation_warning.py:5: UserWarning: The video decoding and encoding capabilities of torchvision are deprecated from version 0.22 and will be removed in version 0.24. We recommend that you migrate to TorchCodec, where we'll consolidate the future decoding/encoding capabilities of PyTorch: https://github.com/pytorch/torchcodec
  warnings.warn(
/mnt/data/vmo-ai-task/anhdh35/FastWAM/.venv/lib/python3.10/site-packages/torchvision/io/_video_deprecation_warning.py:5: UserWarning: The video decoding and encoding capabilities of torchvision are deprecated from version 0.22 and will be removed in version 0.24. We recommend that you migrate to TorchCodec, where we'll consolidate the future decoding/encoding capabilities of PyTorch: https://github.com/pytorch/torchcodec
  warnings.warn(
/mnt/data/vmo-ai-task/anhdh35/FastWAM/.venv/lib/python3.10/site-packages/torchvision/io/_video_deprecation_warning.py:5: UserWarning: The video decoding and encoding capabilities of torchvision are deprecated from version 0.22 and will be removed in version 0.24. We recommend that you migrate to TorchCodec, where we'll consolidate the future decoding/encoding capabilities of PyTorch: https://github.com/pytorch/torchcodec
  warnings.warn(
/mnt/data/vmo-ai-task/anhdh35/FastWAM/.venv/lib/python3.10/site-packages/torchvision/io/_video_deprecation_warning.py:5: UserWarning: The video decoding and encoding capabilities of torchvision are deprecated from version 0.22 and will be removed in version 0.24. We recommend that you migrate to TorchCodec, where we'll consolidate the future decoding/encoding capabilities of PyTorch: https://github.com/pytorch/torchcodec
  warnings.warn(
/mnt/data/vmo-ai-task/anhdh35/FastWAM/.venv/lib/python3.10/site-packages/torchvision/io/_video_deprecation_warning.py:5: UserWarning: The video decoding and encoding capabilities of torchvision are deprecated from version 0.22 and will be removed in version 0.24. We recommend that you migrate to TorchCodec, where we'll consolidate the future decoding/encoding capabilities of PyTorch: https://github.com/pytorch/torchcodec
  warnings.warn(
{"update": 1, "seconds": 9.602361679077148, "allocated_gb": 81.4317398071289, "reserved_gb": 82.57536315917969, "loss": 2.036205768585205, "grad_norm": 11.711331367492676, "data_wait_seconds": 5.047374140936881, "vae_cuda_seconds": 0.0, "forward_cuda_seconds": 1.6481675872802735, "backward_cuda_seconds": 2.5382689208984375, "optimizer_cuda_seconds": 0.3682993046126794}
[rank0]: Traceback (most recent call last):
[rank0]:   File "/mnt/data/vmo-ai-task/anhdh35/FastWAM/runs/loopwam_nt/source_kv_3a89bfa/scripts/benchmark_loopwam.py", line 130, in <module>
[rank0]:     if __name__=='__main__': main()
[rank0]:   File "/mnt/data/vmo-ai-task/anhdh35/FastWAM/runs/loopwam_nt/source_kv_3a89bfa/scripts/benchmark_loopwam.py", line 93, in main
[rank0]:     with torch.autocast('cuda',dtype=torch.bfloat16): loss,logs=runner(sample)
[rank0]:   File "/mnt/data/vmo-ai-task/anhdh35/FastWAM/.venv/lib/python3.10/site-packages/torch/nn/modules/module.py", line 1751, in _wrapped_call_impl
[rank0]:     return self._call_impl(*args, **kwargs)
[rank0]:   File "/mnt/data/vmo-ai-task/anhdh35/FastWAM/.venv/lib/python3.10/site-packages/torch/nn/modules/module.py", line 1762, in _call_impl
[rank0]:     return forward_call(*args, **kwargs)
[rank0]:   File "/mnt/data/vmo-ai-task/anhdh35/FastWAM/.venv/lib/python3.10/site-packages/deepspeed/utils/nvtx.py", line 20, in wrapped_fn
[rank0]:     ret_val = func(*args, **kwargs)
[rank0]:   File "/mnt/data/vmo-ai-task/anhdh35/FastWAM/.venv/lib/python3.10/site-packages/deepspeed/runtime/engine.py", line 2316, in forward
[rank0]:     loss = self.module(*inputs, **kwargs)
[rank0]:   File "/mnt/data/vmo-ai-task/anhdh35/FastWAM/.venv/lib/python3.10/site-packages/torch/nn/modules/module.py", line 1751, in _wrapped_call_impl
[rank0]:     return self._call_impl(*args, **kwargs)
[rank0]:   File "/mnt/data/vmo-ai-task/anhdh35/FastWAM/.venv/lib/python3.10/site-packages/torch/nn/modules/module.py", line 1857, in _call_impl
[rank0]:     return inner()
[rank0]:   File "/mnt/data/vmo-ai-task/anhdh35/FastWAM/.venv/lib/python3.10/site-packages/torch/nn/modules/module.py", line 1805, in inner
[rank0]:     result = forward_call(*args, **kwargs)
[rank0]:   File "/mnt/data/vmo-ai-task/anhdh35/FastWAM/runs/loopwam_nt/source_kv_3a89bfa/src/fastwam/models/wan22/fastwam.py", line 1235, in forward
[rank0]:     return self.training_loss(*args, **kwargs)
[rank0]:   File "/mnt/data/vmo-ai-task/anhdh35/FastWAM/runs/loopwam_nt/source_kv_3a89bfa/src/fastwam/models/wan22/loopwam.py", line 146, in training_loss
[rank0]:     loss, logs = self.reduce_flow_losses(self.forward_exits(noisy), noisy)
[rank0]:   File "/mnt/data/vmo-ai-task/anhdh35/FastWAM/runs/loopwam_nt/source_kv_3a89bfa/src/fastwam/models/wan22/loopwam.py", line 116, in forward_exits
[rank0]:     states = self.mot.forward_joint_exits(video_tokens=video[0], action_tokens=action[0],
[rank0]:   File "/mnt/data/vmo-ai-task/anhdh35/FastWAM/runs/loopwam_nt/source_kv_3a89bfa/src/fastwam/models/wan22/loop_mot.py", line 480, in forward_joint_exits
[rank0]:     decoded = self._run_pair(i, *decoded, conditioning)
[rank0]:   File "/mnt/data/vmo-ai-task/anhdh35/FastWAM/runs/loopwam_nt/source_kv_3a89bfa/src/fastwam/models/wan22/loop_mot.py", line 396, in _run_pair
[rank0]:     return fn(video_tokens, action_tokens, *conditioning)
[rank0]:   File "/mnt/data/vmo-ai-task/anhdh35/FastWAM/runs/loopwam_nt/source_kv_3a89bfa/src/fastwam/models/wan22/loop_mot.py", line 388, in _joint_block
[rank0]:     return (self._post(video_block, video_io, mixed[:, :n], video_context, video_context_mask),
[rank0]:   File "/mnt/data/vmo-ai-task/anhdh35/FastWAM/runs/loopwam_nt/source_kv_3a89bfa/src/fastwam/models/wan22/loop_mot.py", line 365, in _post
[rank0]:     return self._apply_expert_post_block_tensor(block, io[3], mixed, *io[4:8], context, context_mask)
[rank0]:   File "/mnt/data/vmo-ai-task/anhdh35/FastWAM/runs/loopwam_nt/source_kv_3a89bfa/src/fastwam/models/wan22/mot.py", line 144, in _apply_expert_post_block_tensor
[rank0]:     block.norm3(x),
[rank0]:   File "/mnt/data/vmo-ai-task/anhdh35/FastWAM/.venv/lib/python3.10/site-packages/torch/nn/modules/module.py", line 1751, in _wrapped_call_impl
[rank0]:     return self._call_impl(*args, **kwargs)
[rank0]:   File "/mnt/data/vmo-ai-task/anhdh35/FastWAM/.venv/lib/python3.10/site-packages/torch/nn/modules/module.py", line 1762, in _call_impl
[rank0]:     return forward_call(*args, **kwargs)
[rank0]:   File "/mnt/data/vmo-ai-task/anhdh35/FastWAM/.venv/lib/python3.10/site-packages/torch/nn/modules/normalization.py", line 217, in forward
[rank0]:     return F.layer_norm(
[rank0]:   File "/mnt/data/vmo-ai-task/anhdh35/FastWAM/.venv/lib/python3.10/site-packages/torch/nn/functional.py", line 2910, in layer_norm
[rank0]:     return torch.layer_norm(
[rank0]: torch.OutOfMemoryError: CUDA out of memory. Tried to allocate 112.00 MiB. GPU 0 has a total capacity of 79.19 GiB of which 106.75 MiB is free. Including non-PyTorch memory, this process has 79.07 GiB memory in use. Of the allocated memory 76.58 GiB is allocated by PyTorch, and 470.23 MiB is reserved by PyTorch but unallocated. If reserved but unallocated memory is large try setting PYTORCH_CUDA_ALLOC_CONF=expandable_segments:True to avoid fragmentation.  See documentation for Memory Management  (https://pytorch.org/docs/stable/notes/cuda.html#environment-variables)
[rank1]: Traceback (most recent call last):
[rank1]:   File "/mnt/data/vmo-ai-task/anhdh35/FastWAM/runs/loopwam_nt/source_kv_3a89bfa/scripts/benchmark_loopwam.py", line 130, in <module>
[rank1]:     if __name__=='__main__': main()
[rank1]:   File "/mnt/data/vmo-ai-task/anhdh35/FastWAM/runs/loopwam_nt/source_kv_3a89bfa/scripts/benchmark_loopwam.py", line 93, in main
[rank1]:     with torch.autocast('cuda',dtype=torch.bfloat16): loss,logs=runner(sample)
[rank1]:   File "/mnt/data/vmo-ai-task/anhdh35/FastWAM/.venv/lib/python3.10/site-packages/torch/nn/modules/module.py", line 1751, in _wrapped_call_impl
[rank1]:     return self._call_impl(*args, **kwargs)
[rank1]:   File "/mnt/data/vmo-ai-task/anhdh35/FastWAM/.venv/lib/python3.10/site-packages/torch/nn/modules/module.py", line 1762, in _call_impl
[rank1]:     return forward_call(*args, **kwargs)
[rank1]:   File "/mnt/data/vmo-ai-task/anhdh35/FastWAM/.venv/lib/python3.10/site-packages/deepspeed/utils/nvtx.py", line 20, in wrapped_fn
[rank1]:     ret_val = func(*args, **kwargs)
[rank1]:   File "/mnt/data/vmo-ai-task/anhdh35/FastWAM/.venv/lib/python3.10/site-packages/deepspeed/runtime/engine.py", line 2316, in forward
[rank1]:     loss = self.module(*inputs, **kwargs)
[rank1]:   File "/mnt/data/vmo-ai-task/anhdh35/FastWAM/.venv/lib/python3.10/site-packages/torch/nn/modules/module.py", line 1751, in _wrapped_call_impl
[rank1]:     return self._call_impl(*args, **kwargs)
[rank1]:   File "/mnt/data/vmo-ai-task/anhdh35/FastWAM/.venv/lib/python3.10/site-packages/torch/nn/modules/module.py", line 1857, in _call_impl
[rank1]:     return inner()
[rank1]:   File "/mnt/data/vmo-ai-task/anhdh35/FastWAM/.venv/lib/python3.10/site-packages/torch/nn/modules/module.py", line 1805, in inner
[rank1]:     result = forward_call(*args, **kwargs)
[rank1]:   File "/mnt/data/vmo-ai-task/anhdh35/FastWAM/runs/loopwam_nt/source_kv_3a89bfa/src/fastwam/models/wan22/fastwam.py", line 1235, in forward
[rank1]:     return self.training_loss(*args, **kwargs)
[rank1]:   File "/mnt/data/vmo-ai-task/anhdh35/FastWAM/runs/loopwam_nt/source_kv_3a89bfa/src/fastwam/models/wan22/loopwam.py", line 146, in training_loss
[rank1]:     loss, logs = self.reduce_flow_losses(self.forward_exits(noisy), noisy)
[rank1]:   File "/mnt/data/vmo-ai-task/anhdh35/FastWAM/runs/loopwam_nt/source_kv_3a89bfa/src/fastwam/models/wan22/loopwam.py", line 116, in forward_exits
[rank1]:     states = self.mot.forward_joint_exits(video_tokens=video[0], action_tokens=action[0],
[rank1]:   File "/mnt/data/vmo-ai-task/anhdh35/FastWAM/runs/loopwam_nt/source_kv_3a89bfa/src/fastwam/models/wan22/loop_mot.py", line 480, in forward_joint_exits
[rank1]:     decoded = self._run_pair(i, *decoded, conditioning)
[rank1]:   File "/mnt/data/vmo-ai-task/anhdh35/FastWAM/runs/loopwam_nt/source_kv_3a89bfa/src/fastwam/models/wan22/loop_mot.py", line 396, in _run_pair
[rank1]:     return fn(video_tokens, action_tokens, *conditioning)
[rank1]:   File "/mnt/data/vmo-ai-task/anhdh35/FastWAM/runs/loopwam_nt/source_kv_3a89bfa/src/fastwam/models/wan22/loop_mot.py", line 388, in _joint_block
[rank1]:     return (self._post(video_block, video_io, mixed[:, :n], video_context, video_context_mask),
[rank1]:   File "/mnt/data/vmo-ai-task/anhdh35/FastWAM/runs/loopwam_nt/source_kv_3a89bfa/src/fastwam/models/wan22/loop_mot.py", line 365, in _post
[rank1]:     return self._apply_expert_post_block_tensor(block, io[3], mixed, *io[4:8], context, context_mask)
[rank1]:   File "/mnt/data/vmo-ai-task/anhdh35/FastWAM/runs/loopwam_nt/source_kv_3a89bfa/src/fastwam/models/wan22/mot.py", line 143, in _apply_expert_post_block_tensor
[rank1]:     x = x + block.cross_attn(
[rank1]:   File "/mnt/data/vmo-ai-task/anhdh35/FastWAM/.venv/lib/python3.10/site-packages/torch/nn/modules/module.py", line 1751, in _wrapped_call_impl
[rank1]:     return self._call_impl(*args, **kwargs)
[rank1]:   File "/mnt/data/vmo-ai-task/anhdh35/FastWAM/.venv/lib/python3.10/site-packages/torch/nn/modules/module.py", line 1762, in _call_impl
[rank1]:     return forward_call(*args, **kwargs)
[rank1]:   File "/mnt/data/vmo-ai-task/anhdh35/FastWAM/runs/loopwam_nt/source_kv_3a89bfa/src/fastwam/models/wan22/wan_video_dit.py", line 215, in forward
[rank1]:     q = self.norm_q(self.q(x))
[rank1]:   File "/mnt/data/vmo-ai-task/anhdh35/FastWAM/.venv/lib/python3.10/site-packages/torch/nn/modules/module.py", line 1751, in _wrapped_call_impl
[rank1]:     return self._call_impl(*args, **kwargs)
[rank1]:   File "/mnt/data/vmo-ai-task/anhdh35/FastWAM/.venv/lib/python3.10/site-packages/torch/nn/modules/module.py", line 1762, in _call_impl
[rank1]:     return forward_call(*args, **kwargs)
[rank1]:   File "/mnt/data/vmo-ai-task/anhdh35/FastWAM/runs/loopwam_nt/source_kv_3a89bfa/src/fastwam/models/wan22/wan_video_dit.py", line 157, in forward
[rank1]:     return self.norm(x.float()).to(dtype) * self.weight
[rank1]: torch.OutOfMemoryError: CUDA out of memory. Tried to allocate 112.00 MiB. GPU 1 has a total capacity of 79.19 GiB of which 36.75 MiB is free. Including non-PyTorch memory, this process has 79.13 GiB memory in use. Of the allocated memory 76.75 GiB is allocated by PyTorch, and 362.33 MiB is reserved by PyTorch but unallocated. If reserved but unallocated memory is large try setting PYTORCH_CUDA_ALLOC_CONF=expandable_segments:True to avoid fragmentation.  See documentation for Memory Management  (https://pytorch.org/docs/stable/notes/cuda.html#environment-variables)
W1009 00:56:14.382000 3295453 torch/distributed/elastic/multiprocessing/api.py:900] Sending process 3295460 closing signal SIGTERM
E1009 00:56:14.998000 3295453 torch/distributed/elastic/multiprocessing/api.py:874] failed (exitcode: 1) local_rank: 1 (pid: 3295461) of binary: /mnt/data/vmo-ai-task/anhdh35/FastWAM/.venv/bin/python
Traceback (most recent call last):
  File "/mnt/data/vmo-ai-task/anhdh35/FastWAM/runs/loopwam_nt/source_kv_3a89bfa/.venv/bin/torchrun", line 10, in <module>
    sys.exit(main())
  File "/mnt/data/vmo-ai-task/anhdh35/FastWAM/.venv/lib/python3.10/site-packages/torch/distributed/elastic/multiprocessing/errors/__init__.py", line 355, in wrapper
    return f(*args, **kwargs)
  File "/mnt/data/vmo-ai-task/anhdh35/FastWAM/.venv/lib/python3.10/site-packages/torch/distributed/run.py", line 892, in main
    run(args)
  File "/mnt/data/vmo-ai-task/anhdh35/FastWAM/.venv/lib/python3.10/site-packages/torch/distributed/run.py", line 883, in run
    elastic_launch(
  File "/mnt/data/vmo-ai-task/anhdh35/FastWAM/.venv/lib/python3.10/site-packages/torch/distributed/launcher/api.py", line 139, in __call__
    return launch_agent(self._config, self._entrypoint, list(args))
  File "/mnt/data/vmo-ai-task/anhdh35/FastWAM/.venv/lib/python3.10/site-packages/torch/distributed/launcher/api.py", line 270, in launch_agent
    raise ChildFailedError(
torch.distributed.elastic.multiprocessing.errors.ChildFailedError: 
============================================================
scripts/benchmark_loopwam.py FAILED
------------------------------------------------------------
Failures:
  <NO_OTHER_FAILURES>
------------------------------------------------------------
Root Cause (first observed failure):
[0]:
  time      : 2026-10-09_00:56:14
  host      : worker-0.fpt-hpc-worker-svc.fpt-hpc.svc.cluster.local
  rank      : 1 (local_rank: 1)
  exitcode  : 1 (pid: 3295461)
  error_file: <N/A>
  traceback : To enable traceback see: https://pytorch.org/docs/stable/elastic/errors.html
============================================================
