/mnt/data/vmo-ai-task/anhdh35/FastWAM/.venv/lib/python3.10/site-packages/torchvision/io/_video_deprecation_warning.py:5: UserWarning: The video decoding and encoding capabilities of torchvision are deprecated from version 0.22 and will be removed in version 0.24. We recommend that you migrate to TorchCodec, where we'll consolidate the future decoding/encoding capabilities of PyTorch: https://github.com/pytorch/torchcodec
  warnings.warn(
/mnt/data/vmo-ai-task/anhdh35/FastWAM/.venv/lib/python3.10/site-packages/torchvision/io/_video_deprecation_warning.py:5: UserWarning: The video decoding and encoding capabilities of torchvision are deprecated from version 0.22 and will be removed in version 0.24. We recommend that you migrate to TorchCodec, where we'll consolidate the future decoding/encoding capabilities of PyTorch: https://github.com/pytorch/torchcodec
  warnings.warn(
/mnt/data/vmo-ai-task/anhdh35/FastWAM/.venv/lib/python3.10/site-packages/torchvision/io/_video_deprecation_warning.py:5: UserWarning: The video decoding and encoding capabilities of torchvision are deprecated from version 0.22 and will be removed in version 0.24. We recommend that you migrate to TorchCodec, where we'll consolidate the future decoding/encoding capabilities of PyTorch: https://github.com/pytorch/torchcodec
  warnings.warn(
/mnt/data/vmo-ai-task/anhdh35/FastWAM/.venv/lib/python3.10/site-packages/torchvision/io/_video_deprecation_warning.py:5: UserWarning: The video decoding and encoding capabilities of torchvision are deprecated from version 0.22 and will be removed in version 0.24. We recommend that you migrate to TorchCodec, where we'll consolidate the future decoding/encoding capabilities of PyTorch: https://github.com/pytorch/torchcodec
  warnings.warn(
/mnt/data/vmo-ai-task/anhdh35/FastWAM/.venv/lib/python3.10/site-packages/torchvision/io/_video_deprecation_warning.py:5: UserWarning: The video decoding and encoding capabilities of torchvision are deprecated from version 0.22 and will be removed in version 0.24. We recommend that you migrate to TorchCodec, where we'll consolidate the future decoding/encoding capabilities of PyTorch: https://github.com/pytorch/torchcodec
  warnings.warn(
/mnt/data/vmo-ai-task/anhdh35/FastWAM/.venv/lib/python3.10/site-packages/torchvision/io/_video_deprecation_warning.py:5: UserWarning: The video decoding and encoding capabilities of torchvision are deprecated from version 0.22 and will be removed in version 0.24. We recommend that you migrate to TorchCodec, where we'll consolidate the future decoding/encoding capabilities of PyTorch: https://github.com/pytorch/torchcodec
  warnings.warn(
/mnt/data/vmo-ai-task/anhdh35/FastWAM/.venv/lib/python3.10/site-packages/torchvision/io/_video_deprecation_warning.py:5: UserWarning: The video decoding and encoding capabilities of torchvision are deprecated from version 0.22 and will be removed in version 0.24. We recommend that you migrate to TorchCodec, where we'll consolidate the future decoding/encoding capabilities of PyTorch: https://github.com/pytorch/torchcodec
  warnings.warn(
/mnt/data/vmo-ai-task/anhdh35/FastWAM/.venv/lib/python3.10/site-packages/torchvision/io/_video_deprecation_warning.py:5: UserWarning: The video decoding and encoding capabilities of torchvision are deprecated from version 0.22 and will be removed in version 0.24. We recommend that you migrate to TorchCodec, where we'll consolidate the future decoding/encoding capabilities of PyTorch: https://github.com/pytorch/torchcodec
  warnings.warn(
/mnt/data/vmo-ai-task/anhdh35/FastWAM/.venv/lib/python3.10/site-packages/torchvision/io/_video_deprecation_warning.py:5: UserWarning: The video decoding and encoding capabilities of torchvision are deprecated from version 0.22 and will be removed in version 0.24. We recommend that you migrate to TorchCodec, where we'll consolidate the future decoding/encoding capabilities of PyTorch: https://github.com/pytorch/torchcodec
  warnings.warn(
/mnt/data/vmo-ai-task/anhdh35/FastWAM/.venv/lib/python3.10/site-packages/torchvision/io/_video_deprecation_warning.py:5: UserWarning: The video decoding and encoding capabilities of torchvision are deprecated from version 0.22 and will be removed in version 0.24. We recommend that you migrate to TorchCodec, where we'll consolidate the future decoding/encoding capabilities of PyTorch: https://github.com/pytorch/torchcodec
  warnings.warn(
/mnt/data/vmo-ai-task/anhdh35/FastWAM/.venv/lib/python3.10/site-packages/torchvision/io/_video_deprecation_warning.py:5: UserWarning: The video decoding and encoding capabilities of torchvision are deprecated from version 0.22 and will be removed in version 0.24. We recommend that you migrate to TorchCodec, where we'll consolidate the future decoding/encoding capabilities of PyTorch: https://github.com/pytorch/torchcodec
  warnings.warn(
/mnt/data/vmo-ai-task/anhdh35/FastWAM/.venv/lib/python3.10/site-packages/torchvision/io/_video_deprecation_warning.py:5: UserWarning: The video decoding and encoding capabilities of torchvision are deprecated from version 0.22 and will be removed in version 0.24. We recommend that you migrate to TorchCodec, where we'll consolidate the future decoding/encoding capabilities of PyTorch: https://github.com/pytorch/torchcodec
  warnings.warn(
/mnt/data/vmo-ai-task/anhdh35/FastWAM/.venv/lib/python3.10/site-packages/torchvision/io/_video_deprecation_warning.py:5: UserWarning: The video decoding and encoding capabilities of torchvision are deprecated from version 0.22 and will be removed in version 0.24. We recommend that you migrate to TorchCodec, where we'll consolidate the future decoding/encoding capabilities of PyTorch: https://github.com/pytorch/torchcodec
  warnings.warn(
/mnt/data/vmo-ai-task/anhdh35/FastWAM/.venv/lib/python3.10/site-packages/torchvision/io/_video_deprecation_warning.py:5: UserWarning: The video decoding and encoding capabilities of torchvision are deprecated from version 0.22 and will be removed in version 0.24. We recommend that you migrate to TorchCodec, where we'll consolidate the future decoding/encoding capabilities of PyTorch: https://github.com/pytorch/torchcodec
  warnings.warn(
/mnt/data/vmo-ai-task/anhdh35/FastWAM/.venv/lib/python3.10/site-packages/torchvision/io/_video_deprecation_warning.py:5: UserWarning: The video decoding and encoding capabilities of torchvision are deprecated from version 0.22 and will be removed in version 0.24. We recommend that you migrate to TorchCodec, where we'll consolidate the future decoding/encoding capabilities of PyTorch: https://github.com/pytorch/torchcodec
  warnings.warn(
/mnt/data/vmo-ai-task/anhdh35/FastWAM/.venv/lib/python3.10/site-packages/torchvision/io/_video_deprecation_warning.py:5: UserWarning: The video decoding and encoding capabilities of torchvision are deprecated from version 0.22 and will be removed in version 0.24. We recommend that you migrate to TorchCodec, where we'll consolidate the future decoding/encoding capabilities of PyTorch: https://github.com/pytorch/torchcodec
  warnings.warn(
[rank0]: Traceback (most recent call last):
[rank0]:   File "/mnt/data/vmo-ai-task/anhdh35/FastWAM/runs/loopwam_nt/source_kv_3a89bfa/scripts/benchmark_loopwam.py", line 130, in <module>
[rank0]:     if __name__=='__main__': main()
[rank0]:   File "/mnt/data/vmo-ai-task/anhdh35/FastWAM/runs/loopwam_nt/source_kv_3a89bfa/scripts/benchmark_loopwam.py", line 93, in main
[rank0]:     with torch.autocast('cuda',dtype=torch.bfloat16): loss,logs=runner(sample)
[rank0]:   File "/mnt/data/vmo-ai-task/anhdh35/FastWAM/.venv/lib/python3.10/site-packages/torch/nn/modules/module.py", line 1751, in _wrapped_call_impl
[rank0]:     return self._call_impl(*args, **kwargs)
[rank0]:   File "/mnt/data/vmo-ai-task/anhdh35/FastWAM/.venv/lib/python3.10/site-packages/torch/nn/modules/module.py", line 1762, in _call_impl
[rank0]:     return forward_call(*args, **kwargs)
[rank0]:   File "/mnt/data/vmo-ai-task/anhdh35/FastWAM/.venv/lib/python3.10/site-packages/torch/nn/parallel/distributed.py", line 1637, in forward
[rank0]:     else self._run_ddp_forward(*inputs, **kwargs)
[rank0]:   File "/mnt/data/vmo-ai-task/anhdh35/FastWAM/.venv/lib/python3.10/site-packages/torch/nn/parallel/distributed.py", line 1464, in _run_ddp_forward
[rank0]:     return self.module(*inputs, **kwargs)  # type: ignore[index]
[rank0]:   File "/mnt/data/vmo-ai-task/anhdh35/FastWAM/.venv/lib/python3.10/site-packages/torch/nn/modules/module.py", line 1751, in _wrapped_call_impl
[rank0]:     return self._call_impl(*args, **kwargs)
[rank0]:   File "/mnt/data/vmo-ai-task/anhdh35/FastWAM/.venv/lib/python3.10/site-packages/torch/nn/modules/module.py", line 1762, in _call_impl
[rank0]:     return forward_call(*args, **kwargs)
[rank0]:   File "/mnt/data/vmo-ai-task/anhdh35/FastWAM/runs/loopwam_nt/source_kv_3a89bfa/src/fastwam/models/wan22/fastwam.py", line 1235, in forward
[rank0]:     return self.training_loss(*args, **kwargs)
[rank0]:   File "/mnt/data/vmo-ai-task/anhdh35/FastWAM/runs/loopwam_nt/source_kv_3a89bfa/src/fastwam/models/wan22/loopwam.py", line 146, in training_loss
[rank0]:     loss, logs = self.reduce_flow_losses(self.forward_exits(noisy), noisy)
[rank0]:   File "/mnt/data/vmo-ai-task/anhdh35/FastWAM/runs/loopwam_nt/source_kv_3a89bfa/src/fastwam/models/wan22/loopwam.py", line 116, in forward_exits
[rank0]:     states = self.mot.forward_joint_exits(video_tokens=video[0], action_tokens=action[0],
[rank0]:   File "/mnt/data/vmo-ai-task/anhdh35/FastWAM/runs/loopwam_nt/source_kv_3a89bfa/src/fastwam/models/wan22/loop_mot.py", line 480, in forward_joint_exits
[rank0]:     decoded = self._run_pair(i, *decoded, conditioning)
[rank0]:   File "/mnt/data/vmo-ai-task/anhdh35/FastWAM/runs/loopwam_nt/source_kv_3a89bfa/src/fastwam/models/wan22/loop_mot.py", line 396, in _run_pair
[rank0]:     return fn(video_tokens, action_tokens, *conditioning)
[rank0]:   File "/mnt/data/vmo-ai-task/anhdh35/FastWAM/runs/loopwam_nt/source_kv_3a89bfa/src/fastwam/models/wan22/loop_mot.py", line 388, in _joint_block
[rank0]:     return (self._post(video_block, video_io, mixed[:, :n], video_context, video_context_mask),
[rank0]:   File "/mnt/data/vmo-ai-task/anhdh35/FastWAM/runs/loopwam_nt/source_kv_3a89bfa/src/fastwam/models/wan22/loop_mot.py", line 365, in _post
[rank0]:     return self._apply_expert_post_block_tensor(block, io[3], mixed, *io[4:8], context, context_mask)
[rank0]:   File "/mnt/data/vmo-ai-task/anhdh35/FastWAM/runs/loopwam_nt/source_kv_3a89bfa/src/fastwam/models/wan22/mot.py", line 149, in _apply_expert_post_block_tensor
[rank0]:     return block.gate(x, gate_mlp, block.ffn(mlp_input))
[rank0]:   File "/mnt/data/vmo-ai-task/anhdh35/FastWAM/.venv/lib/python3.10/site-packages/torch/nn/modules/module.py", line 1751, in _wrapped_call_impl
[rank0]:     return self._call_impl(*args, **kwargs)
[rank0]:   File "/mnt/data/vmo-ai-task/anhdh35/FastWAM/.venv/lib/python3.10/site-packages/torch/nn/modules/module.py", line 1762, in _call_impl
[rank0]:     return forward_call(*args, **kwargs)
[rank0]:   File "/mnt/data/vmo-ai-task/anhdh35/FastWAM/.venv/lib/python3.10/site-packages/torch/nn/modules/container.py", line 240, in forward
[rank0]:     input = module(input)
[rank0]:   File "/mnt/data/vmo-ai-task/anhdh35/FastWAM/.venv/lib/python3.10/site-packages/torch/nn/modules/module.py", line 1751, in _wrapped_call_impl
[rank0]:     return self._call_impl(*args, **kwargs)
[rank0]:   File "/mnt/data/vmo-ai-task/anhdh35/FastWAM/.venv/lib/python3.10/site-packages/torch/nn/modules/module.py", line 1762, in _call_impl
[rank0]:     return forward_call(*args, **kwargs)
[rank0]:   File "/mnt/data/vmo-ai-task/anhdh35/FastWAM/.venv/lib/python3.10/site-packages/torch/nn/modules/activation.py", line 734, in forward
[rank0]:     return F.gelu(input, approximate=self.approximate)
[rank0]: torch.OutOfMemoryError: CUDA out of memory. Tried to allocate 442.00 MiB. GPU 0 has a total capacity of 79.19 GiB of which 398.75 MiB is free. Including non-PyTorch memory, this process has 78.78 GiB memory in use. Of the allocated memory 76.91 GiB is allocated by PyTorch, and 322.12 MiB is reserved by PyTorch but unallocated. If reserved but unallocated memory is large try setting PYTORCH_CUDA_ALLOC_CONF=expandable_segments:True to avoid fragmentation.  See documentation for Memory Management  (https://pytorch.org/docs/stable/notes/cuda.html#environment-variables)
[rank1]: Traceback (most recent call last):
[rank1]:   File "/mnt/data/vmo-ai-task/anhdh35/FastWAM/runs/loopwam_nt/source_kv_3a89bfa/scripts/benchmark_loopwam.py", line 130, in <module>
[rank1]:     if __name__=='__main__': main()
[rank1]:   File "/mnt/data/vmo-ai-task/anhdh35/FastWAM/runs/loopwam_nt/source_kv_3a89bfa/scripts/benchmark_loopwam.py", line 93, in main
[rank1]:     with torch.autocast('cuda',dtype=torch.bfloat16): loss,logs=runner(sample)
[rank1]:   File "/mnt/data/vmo-ai-task/anhdh35/FastWAM/.venv/lib/python3.10/site-packages/torch/nn/modules/module.py", line 1751, in _wrapped_call_impl
[rank1]:     return self._call_impl(*args, **kwargs)
[rank1]:   File "/mnt/data/vmo-ai-task/anhdh35/FastWAM/.venv/lib/python3.10/site-packages/torch/nn/modules/module.py", line 1762, in _call_impl
[rank1]:     return forward_call(*args, **kwargs)
[rank1]:   File "/mnt/data/vmo-ai-task/anhdh35/FastWAM/.venv/lib/python3.10/site-packages/torch/nn/parallel/distributed.py", line 1637, in forward
[rank1]:     else self._run_ddp_forward(*inputs, **kwargs)
[rank1]:   File "/mnt/data/vmo-ai-task/anhdh35/FastWAM/.venv/lib/python3.10/site-packages/torch/nn/parallel/distributed.py", line 1464, in _run_ddp_forward
[rank1]:     return self.module(*inputs, **kwargs)  # type: ignore[index]
[rank1]:   File "/mnt/data/vmo-ai-task/anhdh35/FastWAM/.venv/lib/python3.10/site-packages/torch/nn/modules/module.py", line 1751, in _wrapped_call_impl
[rank1]:     return self._call_impl(*args, **kwargs)
[rank1]:   File "/mnt/data/vmo-ai-task/anhdh35/FastWAM/.venv/lib/python3.10/site-packages/torch/nn/modules/module.py", line 1762, in _call_impl
[rank1]:     return forward_call(*args, **kwargs)
[rank1]:   File "/mnt/data/vmo-ai-task/anhdh35/FastWAM/runs/loopwam_nt/source_kv_3a89bfa/src/fastwam/models/wan22/fastwam.py", line 1235, in forward
[rank1]:     return self.training_loss(*args, **kwargs)
[rank1]:   File "/mnt/data/vmo-ai-task/anhdh35/FastWAM/runs/loopwam_nt/source_kv_3a89bfa/src/fastwam/models/wan22/loopwam.py", line 146, in training_loss
[rank1]:     loss, logs = self.reduce_flow_losses(self.forward_exits(noisy), noisy)
[rank1]:   File "/mnt/data/vmo-ai-task/anhdh35/FastWAM/runs/loopwam_nt/source_kv_3a89bfa/src/fastwam/models/wan22/loopwam.py", line 116, in forward_exits
[rank1]:     states = self.mot.forward_joint_exits(video_tokens=video[0], action_tokens=action[0],
[rank1]:   File "/mnt/data/vmo-ai-task/anhdh35/FastWAM/runs/loopwam_nt/source_kv_3a89bfa/src/fastwam/models/wan22/loop_mot.py", line 480, in forward_joint_exits
[rank1]:     decoded = self._run_pair(i, *decoded, conditioning)
[rank1]:   File "/mnt/data/vmo-ai-task/anhdh35/FastWAM/runs/loopwam_nt/source_kv_3a89bfa/src/fastwam/models/wan22/loop_mot.py", line 396, in _run_pair
[rank1]:     return fn(video_tokens, action_tokens, *conditioning)
[rank1]:   File "/mnt/data/vmo-ai-task/anhdh35/FastWAM/runs/loopwam_nt/source_kv_3a89bfa/src/fastwam/models/wan22/loop_mot.py", line 388, in _joint_block
[rank1]:     return (self._post(video_block, video_io, mixed[:, :n], video_context, video_context_mask),
[rank1]:   File "/mnt/data/vmo-ai-task/anhdh35/FastWAM/runs/loopwam_nt/source_kv_3a89bfa/src/fastwam/models/wan22/loop_mot.py", line 365, in _post
[rank1]:     return self._apply_expert_post_block_tensor(block, io[3], mixed, *io[4:8], context, context_mask)
[rank1]:   File "/mnt/data/vmo-ai-task/anhdh35/FastWAM/runs/loopwam_nt/source_kv_3a89bfa/src/fastwam/models/wan22/mot.py", line 149, in _apply_expert_post_block_tensor
[rank1]:     return block.gate(x, gate_mlp, block.ffn(mlp_input))
[rank1]:   File "/mnt/data/vmo-ai-task/anhdh35/FastWAM/.venv/lib/python3.10/site-packages/torch/nn/modules/module.py", line 1751, in _wrapped_call_impl
[rank1]:     return self._call_impl(*args, **kwargs)
[rank1]:   File "/mnt/data/vmo-ai-task/anhdh35/FastWAM/.venv/lib/python3.10/site-packages/torch/nn/modules/module.py", line 1762, in _call_impl
[rank1]:     return forward_call(*args, **kwargs)
[rank1]:   File "/mnt/data/vmo-ai-task/anhdh35/FastWAM/.venv/lib/python3.10/site-packages/torch/nn/modules/container.py", line 240, in forward
[rank1]:     input = module(input)
[rank1]:   File "/mnt/data/vmo-ai-task/anhdh35/FastWAM/.venv/lib/python3.10/site-packages/torch/nn/modules/module.py", line 1751, in _wrapped_call_impl
[rank1]:     return self._call_impl(*args, **kwargs)
[rank1]:   File "/mnt/data/vmo-ai-task/anhdh35/FastWAM/.venv/lib/python3.10/site-packages/torch/nn/modules/module.py", line 1762, in _call_impl
[rank1]:     return forward_call(*args, **kwargs)
[rank1]:   File "/mnt/data/vmo-ai-task/anhdh35/FastWAM/.venv/lib/python3.10/site-packages/torch/nn/modules/activation.py", line 734, in forward
[rank1]:     return F.gelu(input, approximate=self.approximate)
[rank1]: torch.OutOfMemoryError: CUDA out of memory. Tried to allocate 442.00 MiB. GPU 1 has a total capacity of 79.19 GiB of which 398.75 MiB is free. Including non-PyTorch memory, this process has 78.78 GiB memory in use. Of the allocated memory 76.91 GiB is allocated by PyTorch, and 322.12 MiB is reserved by PyTorch but unallocated. If reserved but unallocated memory is large try setting PYTORCH_CUDA_ALLOC_CONF=expandable_segments:True to avoid fragmentation.  See documentation for Memory Management  (https://pytorch.org/docs/stable/notes/cuda.html#environment-variables)
[rank0]:[W1009 01:03:14.908787320 ProcessGroupNCCL.cpp:1479] Warning: WARNING: destroy_process_group() was not called before program exit, which can leak resources. For more info, please see https://pytorch.org/docs/stable/distributed.html#shutdown (function operator())
W1009 01:03:17.369000 3810638 torch/distributed/elastic/multiprocessing/api.py:900] Sending process 3810646 closing signal SIGTERM
E1009 01:03:18.639000 3810638 torch/distributed/elastic/multiprocessing/api.py:874] failed (exitcode: 1) local_rank: 0 (pid: 3810645) of binary: /mnt/data/vmo-ai-task/anhdh35/FastWAM/.venv/bin/python
Traceback (most recent call last):
  File "/mnt/data/vmo-ai-task/anhdh35/FastWAM/runs/loopwam_nt/source_kv_3a89bfa/.venv/bin/torchrun", line 10, in <module>
    sys.exit(main())
  File "/mnt/data/vmo-ai-task/anhdh35/FastWAM/.venv/lib/python3.10/site-packages/torch/distributed/elastic/multiprocessing/errors/__init__.py", line 355, in wrapper
    return f(*args, **kwargs)
  File "/mnt/data/vmo-ai-task/anhdh35/FastWAM/.venv/lib/python3.10/site-packages/torch/distributed/run.py", line 892, in main
    run(args)
  File "/mnt/data/vmo-ai-task/anhdh35/FastWAM/.venv/lib/python3.10/site-packages/torch/distributed/run.py", line 883, in run
    elastic_launch(
  File "/mnt/data/vmo-ai-task/anhdh35/FastWAM/.venv/lib/python3.10/site-packages/torch/distributed/launcher/api.py", line 139, in __call__
    return launch_agent(self._config, self._entrypoint, list(args))
  File "/mnt/data/vmo-ai-task/anhdh35/FastWAM/.venv/lib/python3.10/site-packages/torch/distributed/launcher/api.py", line 270, in launch_agent
    raise ChildFailedError(
torch.distributed.elastic.multiprocessing.errors.ChildFailedError: 
============================================================
scripts/benchmark_loopwam.py FAILED
------------------------------------------------------------
Failures:
  <NO_OTHER_FAILURES>
------------------------------------------------------------
Root Cause (first observed failure):
[0]:
  time      : 2026-10-09_01:03:17
  host      : worker-0.fpt-hpc-worker-svc.fpt-hpc.svc.cluster.local
  rank      : 0 (local_rank: 0)
  exitcode  : 1 (pid: 3810645)
  error_file: <N/A>
  traceback : To enable traceback see: https://pytorch.org/docs/stable/elastic/errors.html
============================================================
