# gpu    pwr  gtemp  mtemp     sm    mem    enc    dec    jpg    ofa   mclk   pclk     fb   bar1   ccpm 
# Idx      W      C      C      %      %      %      %      %      %    MHz    MHz     MB     MB     MB 
    0    436     43     49     85     54      0      0      0      0   2619   1980  56477      4      0 
    1    522     44     49    100     63      0      0      0      0   2619   1980  57631      4      0 
    0    538     43     50    100     63      0      0      0      0   2619   1980  60065      4      0 
    1    555     44     49    100     60      0      0      0      0   2619   1980  59431      4      0 
    0    537     43     49    100     63      0      0      0      0   2619   1980  60065      4      0 
    1    547     43     48    100     64      0      0      0      0   2619   1980  59431      4      0 
    0    538     46     51    100     68      0      0      0      0   2619   1980  60065      4      0 
    1    579     47     50    100     65      0      0      0      0   2619   1980  59431      4      0 
    0    547     45     51     84     48      0      0      0      0   2619   1980  60065      4      0 
    1    561     46     51     85     54      0      0      0      0   2619   1980  59431      4      0 
    0    534     45     52    100     64      0      0      0      0   2619   1980  60065      4      0 
    1    544     45     51     98     61      0      0      0      0   2619   1980  59431      4      0 
    0    529     41     47     91     58      0      0      0      0   2619   1980  60065      4      0 
    1    526     43     49    100     60      0      0      0      0   2619   1980  59431      4      0 
    0    567     48     52    100     64      0      0      0      0   2619   1980  60065      4      0 
    1    580     49     51    100     70      0      0      0      0   2619   1980  59431      4      0 
    0    547     46     52    100     60      0      0      0      0   2619   1980  60065      4      0 
    1    566     47     51    100     67      0      0      0      0   2619   1980  59431      4      0 
    0    544     45     53    100     63      0      0      0      0   2619   1980  60065      4      0 
    1    541     46     53    100     61      0      0      0      0   2619   1980  59431      4      0 
