{"export_errors": {"S1": 0.0, "S2": 0.0, "parent10": 0.0}}
{"export_max_absolute_error": {"S1": 0.0, "S2": 0.0, "parent10": 0.0}, "stack_exact": true, "teacher_unchanged": true, "synthetic_checkpoint_not_for_publication": true}
{"RT-A/S1": {"loss": 0.42414146661758423, "gradient_norm": 0.5098639726638794, "trainable": 2140832}}
{"RT-A/S2": {"loss": 0.2389291375875473, "gradient_norm": 0.2018992155790329, "trainable": 2140832}}
{"RT-B4/S1": {"loss": 0.2912977933883667, "gradient_norm": 0.10155102610588074, "trainable": 2064384}}
{"RT-B4/S2": {"loss": 0.6140763163566589, "gradient_norm": 0.07836667448282242, "trainable": 2064384}}
{"RT-T1ft/S1": {"loss": 0.643667995929718, "gradient_norm": 0.15358230471611023, "trainable": 2064384}}
{"RT-T1ft/S2": {"loss": 0.3298642635345459, "gradient_norm": 0.044772807508707047, "trainable": 2064384}}
{"RT-Pa/S1": {"loss": 0.4047948718070984, "gradient_norm": 0.49496716260910034, "trainable": 76448}}
{"RT-Pa/S2": {"loss": 0.21958254277706146, "gradient_norm": 0.196382537484169, "trainable": 76448}}
{"RT-TF/S1": {"loss": 0.37918776273727417, "gradient_norm": 0.4457687437534332, "trainable": 2140832}}
{"RT-TF/S2": {"loss": 0.23027946054935455, "gradient_norm": 0.2923455238342285, "trainable": 2140832}}
{"RT-A2/S1": {"loss": 0.42414146661758423, "gradient_norm": 2.103318929672241, "trainable": 2541344}}
{"RT-A2/S2": {"loss": 0.2389291375875473, "gradient_norm": 0.9598613977432251, "trainable": 2541344}}
{"RT-A2/S5": {"loss": 0.14229027926921844, "gradient_norm": 0.7017310261726379, "trainable": 2541344}}
{"RT-A2/S6": {"loss": 0.13655316829681396, "gradient_norm": 0.686698853969574, "trainable": 2541344}}
{"RT-A2/S7": {"loss": 0.0457405149936676, "gradient_norm": 0.5290189385414124, "trainable": 2541344}}
{"RT-A2/S8": {"loss": 0.046469155699014664, "gradient_norm": 0.5379022359848022, "trainable": 2541344}}
{"RT-B2a/parent2": {"loss": 0.023881569504737854, "gradient_norm": 0.9143653512001038, "trainable": 105678471}}
{"RT+B2/S8": {"loss": 0.046469155699014664, "gradient_norm": 0.5380409359931946, "trainable": 2541344}}
{"RT+B2/S7": {"loss": 0.0457405149936676, "gradient_norm": 0.5290918946266174, "trainable": 2541344}}
{"RT-B4-2/S1": {"loss": 0.2912977933883667, "gradient_norm": 2.0270655155181885, "trainable": 2464896}}
{"RT-B4-2/S2": {"loss": 0.6140763163566589, "gradient_norm": 2.2591137886047363, "trainable": 2464896}}
{"RT-B4-2/S5": {"loss": 0.20707274973392487, "gradient_norm": 1.1362303495407104, "trainable": 2464896}}
{"RT-B4-2/S6": {"loss": 0.4369426369667053, "gradient_norm": 1.6914398670196533, "trainable": 2464896}}
{"RT-B4-2/S7": {"loss": 0.10161460936069489, "gradient_norm": 0.8748611807823181, "trainable": 2464896}}
{"RT-B4-2/S8": {"loss": 0.1880320906639099, "gradient_norm": 1.380826711654663, "trainable": 2464896}}
{"RT-T3/S1": {"loss": 0.42414146661758423, "gradient_norm": 0.12388712912797928, "trainable": 2101824}}
{"RT-T3/S2": {"loss": 0.2389291375875473, "gradient_norm": 0.04733416065573692, "trainable": 2101824}}
{"RT-T5/S1": {"loss": 0.42414146661758423, "gradient_norm": 0.4738602042198181, "trainable": 2173600}}
{"RT-T5/S2": {"loss": 0.2389291375875473, "gradient_norm": 0.19223475456237793, "trainable": 2173600}}
{"RT-T6/S1": {"loss": 0.643667995929718, "gradient_norm": 2.928457021713257, "trainable": 3115008}}
{"RT-T6/S2": {"loss": 0.3298642635345459, "gradient_norm": 1.0855711698532104, "trainable": 3115008}}
{"RT-Pc/S1": {"loss": 0.42414146661758423, "gradient_norm": 3.982424020767212, "trainable": 105354407}}
{"RT-Pc/S2": {"loss": 0.2389291375875473, "gradient_norm": 2.105252742767334, "trainable": 105354407}}
{"RT-NFE1/parent1": {"loss": 0.034870874136686325, "gradient_norm": 1.9021210670471191, "trainable": 105678471}}
{"RT-no-local/S1": {"loss": 0.03606688976287842, "gradient_norm": 0.04685467854142189, "trainable": 2140832}}
{"RT-no-local/S2": {"loss": 0.02721986174583435, "gradient_norm": 0.031031697988510132, "trainable": 2140832}}
{"RT-no-end/S1": {"loss": 0.40783029794692993, "gradient_norm": 0.4970431327819824, "trainable": 2140832}}
{"RT-no-end/S2": {"loss": 0.23191556334495544, "gradient_norm": 0.19470830261707306, "trainable": 2140832}}
{"RT-no-grip/S1": {"loss": 0.42373234033584595, "gradient_norm": 0.5101765990257263, "trainable": 2140832}}
{"RT-no-grip/S2": {"loss": 0.23806945979595184, "gradient_norm": 0.20136860013008118, "trainable": 2140832}}
{"RT-no-anchor/S1": {"loss": 0.4047948718070984, "gradient_norm": 0.5088995695114136, "trainable": 2140832}}
{"RT-no-anchor/S2": {"loss": 0.21958254277706146, "gradient_norm": 0.19889730215072632, "trainable": 2140832}}
{"RT-A-seed43/S1": {"loss": 0.42414146661758423, "gradient_norm": 0.5098021030426025, "trainable": 2140832}}
{"RT-A-seed43/S2": {"loss": 0.2389291375875473, "gradient_norm": 0.20189766585826874, "trainable": 2140832}}
{"RT-A-seed44/S1": {"loss": 0.42414146661758423, "gradient_norm": 0.5097121596336365, "trainable": 2140832}}
{"RT-A-seed44/S2": {"loss": 0.2389291375875473, "gradient_norm": 0.20189468562602997, "trainable": 2140832}}
Native contracts passed
