...................................................................F.... [ 18%]
........................................................................ [ 37%]
........................................................................ [ 55%]
........................................................................ [ 74%]
........................................................................ [ 93%]
...........................                                              [100%]
=================================== FAILURES ===================================
________________________ test_preregistered_thresholds _________________________

    def test_preregistered_thresholds():
     assert decision(267,300)=='access hypothesis supported'
     assert decision(252,300)=='action-depth hypothesis supported'
     assert decision(253,300)==decision(266,300)=='inconclusive'
     with pytest.raises(ValueError):decision(89,100)
>    assert wilson(0,100)[0]==0
E    assert 3.469446951953614e-18 == 0

tests/test_kv_statistics.py:10: AssertionError
=============================== warnings summary ===============================
tests/test_loopwam_kv_concat.py::test_gpu_fullgraph_compiled_cache_inference[concat]
  /mnt/data/vmo-ai-task/anhdh35/FastWAM/runs/loopwam_nt/source_kv_development_20261008/.venv/lib/python3.10/site-packages/torch/_inductor/compile_fx.py:236: UserWarning: TensorFloat32 tensor cores for float32 matrix multiplication available but not enabled. Consider setting `torch.set_float32_matmul_precision('high')` for better performance.
    warnings.warn(

tests/test_loopwam_kv_concat.py::test_gpu_fullgraph_compiled_cache_inference[concat]
  /mnt/data/vmo-ai-task/anhdh35/FastWAM/runs/loopwam_nt/source_kv_development_20261008/.venv/lib/python3.10/site-packages/torch/_inductor/lowering.py:1917: UserWarning: Torchinductor does not support code generation for complex operators. Performance may be worse than eager.
    warnings.warn(

tests/test_loopwam_kv_concat.py::test_gpu_fullgraph_compiled_cache_inference[concat]
tests/test_loopwam_kv_concat.py::test_gpu_fullgraph_compiled_cache_inference[mix]
  /mnt/data/vmo-ai-task/anhdh35/FastWAM/runs/loopwam_nt/source_kv_development_20261008/.venv/lib/python3.10/site-packages/torch/_inductor/lowering.py:7007: UserWarning: 
  Online softmax is disabled on the fly since Inductor decides to
  split the reduction. Cut an issue to PyTorch if this is an
  important use case and you want to speed it up with online
  softmax.
  
    warnings.warn(

tests/test_loopwam_rollout.py::test_camera_rotation_order_and_current_eight_dimensional_proprio
  /mnt/data/vmo-ai-task/anhdh35/FastWAM/runs/loopwam_nt/source_kv_development_20261008/.venv/lib/python3.10/site-packages/robosuite/__init__.py:7: DeprecationWarning: The 'warn' method is deprecated, use 'warning' instead
    ROBOSUITE_DEFAULT_LOGGER.warn("No private macro file found!")

tests/test_loopwam_rollout.py::test_camera_rotation_order_and_current_eight_dimensional_proprio
  /mnt/data/vmo-ai-task/anhdh35/FastWAM/runs/loopwam_nt/source_kv_development_20261008/.venv/lib/python3.10/site-packages/robosuite/__init__.py:8: DeprecationWarning: The 'warn' method is deprecated, use 'warning' instead
    ROBOSUITE_DEFAULT_LOGGER.warn("It is recommended to use a private macro file")

tests/test_loopwam_rollout.py::test_camera_rotation_order_and_current_eight_dimensional_proprio
  /mnt/data/vmo-ai-task/anhdh35/FastWAM/runs/loopwam_nt/source_kv_development_20261008/.venv/lib/python3.10/site-packages/robosuite/__init__.py:9: DeprecationWarning: The 'warn' method is deprecated, use 'warning' instead
    ROBOSUITE_DEFAULT_LOGGER.warn("To setup, run: python {}/scripts/setup_macros.py".format(robosuite.__path__[0]))

-- Docs: https://docs.pytest.org/en/stable/how-to/capture-warnings.html
=========================== short test summary info ============================
FAILED tests/test_kv_statistics.py::test_preregistered_thresholds - assert 3....
1 failed, 386 passed, 7 warnings in 90.45s (0:01:30)
